../Core/Src/main.c:80:5:main	8	static
../Core/Src/main.c:133:6:SystemClock_Config	120	static
../Core/Src/main.c:202:13:MX_CRC_Init	8	static
../Core/Src/main.c:233:13:MX_DMA2D_Init	8	static
../Core/Src/main.c:273:13:MX_I2C4_Init	8	static
../Core/Src/main.c:321:13:MX_LTDC_Init	64	static
../Core/Src/main.c:383:13:MX_OCTOSPI1_Init	32	static
../Core/Src/main.c:435:13:MX_GPIO_Init	72	static
../Core/Src/main.c:648:6:HAL_TIM_PeriodElapsedCallback	16	static
../Core/Src/main.c:665:6:Error_Handler	4	static,ignoring_inline_asm
