../Core/Src/stm32h7xx_it.c:72:6:NMI_Handler	4	static
../Core/Src/stm32h7xx_it.c:87:6:HardFault_Handler	4	static
../Core/Src/stm32h7xx_it.c:102:6:MemManage_Handler	4	static
../Core/Src/stm32h7xx_it.c:117:6:BusFault_Handler	4	static
../Core/Src/stm32h7xx_it.c:132:6:UsageFault_Handler	4	static
../Core/Src/stm32h7xx_it.c:147:6:DebugMon_Handler	4	static
../Core/Src/stm32h7xx_it.c:167:6:EXTI2_IRQHandler	8	static
../Core/Src/stm32h7xx_it.c:181:6:TIM6_DAC_IRQHandler	8	static
../Core/Src/stm32h7xx_it.c:195:6:LTDC_IRQHandler	8	static
../Core/Src/stm32h7xx_it.c:209:6:DMA2D_IRQHandler	8	static
